apple bird cat dog electric fly gene hands ice july