-999 -271 0 2 3 11 98  99 661 898 927 982 1001 3781